             VMA              LMA     Size Align Out     In      Symbol
               0                0        0     1 PROVIDE ( _stext = ORIGIN ( REGION_TEXT ) )
               0                0        0     1 PROVIDE ( _stack_start = ORIGIN ( REGION_STACK ) + LENGTH ( REGION_STACK ) )
               0                0        0     1 PROVIDE ( _heap_size = 0 )
        40040000         40040000        0     1 .text.dummy
        40040000         40040000        0     1         . = ABSOLUTE ( _stext )
        40040000         40040000     1300     2 .text
        40040000         40040000        0     1         . = ALIGN ( 4 )
        40040000         40040000       4c     2         /Users/sphw/code/k5/examples/rv-foo/target/riscv64imac-unknown-none-elf/debug/deps/foo-e6784eafb5d98c16.userspace-b8d26857aa28fa9c.1nqehmstbnqit8ge.rcgu.o.rcgu.o:(.text.start)
        40040000         40040000        0     1                 
        40040000         40040000        0     1                 
        40040000         40040000        0     1                 
        40040000         40040000        0     1                 .Lpcrel_hi0
        40040000         40040000        0     1                 
        40040000         40040000       4c     1                 _start
        40040008         40040008        0     1                 .Lpcrel_hi1
        40040010         40040010        0     1                 .Lpcrel_hi2
        4004002a         4004002a        0     1                 .Lpcrel_hi3
        40040032         40040032        0     1                 .Lpcrel_hi4
        4004004c         4004004c        0     1                 
        4004004c         4004004c        0     1                 
        4004004c         4004004c        0     1                 
        4004004c         4004004c       2e     2         /Users/sphw/code/k5/examples/rv-foo/target/riscv64imac-unknown-none-elf/debug/deps/foo-e6784eafb5d98c16.userspace-b8d26857aa28fa9c.1nqehmstbnqit8ge.rcgu.o.rcgu.o:(.text._ZN4core3fmt5Write9write_fmt17h9cad61972a52bb4eE)
        4004004c         4004004c       2e     1                 core::fmt::Write::write_fmt::h9cad61972a52bb4e
        4004004c         4004004c        0     1                 
        4004004c         4004004c        0     1                 
        4004004c         4004004c        0     1                 
        4004004e         4004004e        0     1                 
        40040050         40040050        0     1                 
        40040052         40040052        0     1                 
        40040054         40040054        0     1                 
        40040060         40040060        0     1                 
        40040060         40040060        0     1                 .LBB0_1
        40040060         40040060        0     1                 
        40040074         40040074        0     1                 
        4004007a         4004007a        0     1                 
        4004007a         4004007a        0     1                 
        4004007a         4004007a        0     1                 
        4004007a         4004007a        2     2         /Users/sphw/code/k5/examples/rv-foo/target/riscv64imac-unknown-none-elf/debug/deps/foo-e6784eafb5d98c16.userspace-b8d26857aa28fa9c.1nqehmstbnqit8ge.rcgu.o.rcgu.o:(.text._ZN4core3ptr52drop_in_place$LT$$RF$mut$u20$userspace..LenWrite$GT$17h89b37a47e9556a30E)
        4004007a         4004007a        2     1                 core::ptr::drop_in_place$LT$$RF$mut$u20$userspace..LenWrite$GT$::h89b37a47e9556a30
        4004007a         4004007a        0     1                 
        4004007a         4004007a        0     1                 
        4004007a         4004007a        0     1                 
        4004007a         4004007a        0     1                 
        4004007c         4004007c        0     1                 
        4004007c         4004007c        0     1                 
        4004007c         4004007c        0     1                 
        4004007c         4004007c       e4     2         /Users/sphw/code/k5/examples/rv-foo/target/riscv64imac-unknown-none-elf/debug/deps/foo-e6784eafb5d98c16.userspace-b8d26857aa28fa9c.1nqehmstbnqit8ge.rcgu.o.rcgu.o:(.text._ZN50_$LT$$RF$mut$u20$W$u20$as$u20$core..fmt..Write$GT$10write_char17h9b43ab0d741dee1cE)
        4004007c         4004007c       e4     1                 _$LT$$RF$mut$u20$W$u20$as$u20$core..fmt..Write$GT$::write_char::h9b43ab0d741dee1c
        4004007c         4004007c        0     1                 
        4004007c         4004007c        0     1                 
        4004007c         4004007c        0     1                 
        4004007e         4004007e        0     1                 
        4004007e         4004007e        0     1                 
        40040084         40040084        0     1                 
        4004008a         4004008a        0     1                 
        4004008a         4004008a        0     1                 
        4004008e         4004008e        0     1                 
        4004008e         4004008e        0     1                 
        40040090         40040090        0     1                 
        40040090         40040090        0     1                 
        40040094         40040094        0     1                 
        40040094         40040094        0     1                 
        4004009c         4004009c        0     1                 
        4004009c         4004009c        0     1                 
        400400a2         400400a2        0     1                 
        400400a2         400400a2        0     1                 
        400400a6         400400a6        0     1                 
        400400ae         400400ae        0     1                 
        400400b2         400400b2        0     1                 
        400400be         400400be        0     1                 
        400400be         400400be        0     1                 
        400400c2         400400c2        0     1                 
        400400c4         400400c4        0     1                 
        400400c4         400400c4        0     1                 
        400400ce         400400ce        0     1                 
        400400d6         400400d6        0     1                 
        400400da         400400da        0     1                 
        400400e2         400400e2        0     1                 
        400400e6         400400e6        0     1                 
        400400f2         400400f2        0     1                 
        400400f8         400400f8        0     1                 
        400400fe         400400fe        0     1                 
        40040106         40040106        0     1                 
        4004010c         4004010c        0     1                 
        40040114         40040114        0     1                 
        40040118         40040118        0     1                 
        40040120         40040120        0     1                 
        40040124         40040124        0     1                 
        4004012e         4004012e        0     1                 
        4004012e         4004012e        0     1                 
        40040130         40040130        0     1                 
        40040130         40040130        0     1                 
        40040138         40040138        0     1                 
        40040138         40040138        0     1                 
        40040144         40040144        0     1                 
        40040146         40040146        0     1                 
        40040146         40040146        0     1                 
        40040148         40040148        0     1                 
        40040148         40040148        0     1                 
        40040152         40040152        0     1                 
        40040152         40040152        0     1                 
        40040154         40040154        0     1                 
        40040154         40040154        0     1                 
        40040160         40040160        0     1                 
        40040160         40040160        0     1                 
        40040160         40040160        0     1                 
        40040160         40040160       2a     2         /Users/sphw/code/k5/examples/rv-foo/target/riscv64imac-unknown-none-elf/debug/deps/foo-e6784eafb5d98c16.userspace-b8d26857aa28fa9c.1nqehmstbnqit8ge.rcgu.o.rcgu.o:(.text._ZN50_$LT$$RF$mut$u20$W$u20$as$u20$core..fmt..Write$GT$9write_fmt17h7804ca5361461ab1E)
        40040160         40040160       2a     1                 _$LT$$RF$mut$u20$W$u20$as$u20$core..fmt..Write$GT$::write_fmt::h7804ca5361461ab1
        40040160         40040160        0     1                 
        40040160         40040160        0     1                 
        40040160         40040160        0     1                 
        40040162         40040162        0     1                 
        40040162         40040162        0     1                 
        40040166         40040166        0     1                 
        40040168         40040168        0     1                 
        4004016a         4004016a        0     1                 
        40040176         40040176        0     1                 
        40040176         40040176        0     1                 
        40040182         40040182        0     1                 
        4004018a         4004018a        0     1                 
        4004018a         4004018a        0     1                 
        4004018a         4004018a        0     1                 
        4004018a         4004018a       3a     2         /Users/sphw/code/k5/examples/rv-foo/target/riscv64imac-unknown-none-elf/debug/deps/foo-e6784eafb5d98c16.userspace-b8d26857aa28fa9c.1nqehmstbnqit8ge.rcgu.o.rcgu.o:(.text._ZN50_$LT$$RF$mut$u20$W$u20$as$u20$core..fmt..Write$GT$9write_str17he516866fe0f67836E)
        4004018a         4004018a       3a     1                 _$LT$$RF$mut$u20$W$u20$as$u20$core..fmt..Write$GT$::write_str::he516866fe0f67836
        4004018a         4004018a        0     1                 
        4004018a         4004018a        0     1                 
        4004018a         4004018a        0     1                 
        4004018c         4004018c        0     1                 
        4004018c         4004018c        0     1                 
        40040192         40040192        0     1                 
        40040194         40040194        0     1                 
        40040194         40040194        0     1                 
        40040196         40040196        0     1                 
        40040196         40040196        0     1                 
        4004019e         4004019e        0     1                 
        4004019e         4004019e        0     1                 
        400401aa         400401aa        0     1                 
        400401ac         400401ac        0     1                 
        400401ac         400401ac        0     1                 
        400401ae         400401ae        0     1                 
        400401ae         400401ae        0     1                 
        400401b6         400401b6        0     1                 
        400401b6         400401b6        0     1                 
        400401b8         400401b8        0     1                 
        400401b8         400401b8        0     1                 
        400401c4         400401c4        0     1                 
        400401c4         400401c4        0     1                 
        400401c4         400401c4        0     1                 
        400401c4         400401c4        4     2         /Users/sphw/code/k5/examples/rv-foo/target/riscv64imac-unknown-none-elf/debug/deps/foo-e6784eafb5d98c16.userspace-b8d26857aa28fa9c.1nqehmstbnqit8ge.rcgu.o.rcgu.o:(.text._ZN4core3ops8function6FnOnce9call_once17h13a02a324c7315faE)
        400401c4         400401c4        4     1                 core::ops::function::FnOnce::call_once::h13a02a324c7315fa
        400401c4         400401c4        0     1                 
        400401c4         400401c4        0     1                 
        400401c4         400401c4        0     1                 
        400401c4         400401c4        0     1                 
        400401c6         400401c6        0     1                 
        400401c6         400401c6        0     1                 
        400401c8         400401c8        0     1                 
        400401c8         400401c8        0     1                 
        400401c8         400401c8        0     1                 
        400401c8         400401c8        0     1                 
        400401c8         400401c8       2e     2         /Users/sphw/code/k5/examples/rv-foo/target/riscv64imac-unknown-none-elf/debug/deps/foo-e6784eafb5d98c16.userspace-b8d26857aa28fa9c.1nqehmstbnqit8ge.rcgu.o.rcgu.o:(.text.unlikely._ZN4core9panicking9panic_fmt17h2a2feab7b8a0b99fE)
        400401c8         400401c8       2e     1                 core::panicking::panic_fmt::h2a2feab7b8a0b99f
        400401c8         400401c8        0     1                 
        400401c8         400401c8        0     1                 
        400401c8         400401c8        0     1                 
        400401ca         400401ca        0     1                 
        400401ca         400401ca        0     1                 
        400401ca         400401ca        0     1                 
        400401cc         400401cc        0     1                 
        400401cc         400401cc        0     1                 .LBB6_1
        400401d6         400401d6        0     1                 .LBB6_2
        400401ea         400401ea        0     1                 
        400401ea         400401ea        0     1                 
        400401f6         400401f6        0     1                 
        400401f6         400401f6        0     1                 
        400401f6         400401f6        0     1                 
        400401f6         400401f6        2     2         /Users/sphw/code/k5/examples/rv-foo/target/riscv64imac-unknown-none-elf/debug/deps/foo-e6784eafb5d98c16.userspace-b8d26857aa28fa9c.1nqehmstbnqit8ge.rcgu.o.rcgu.o:(.text._ZN4core3ptr102drop_in_place$LT$$RF$core..iter..adapters..copied..Copied$LT$core..slice..iter..Iter$LT$u8$GT$$GT$$GT$17h3b8a07e89c9557b8E)
        400401f6         400401f6        2     1                 core::ptr::drop_in_place$LT$$RF$core..iter..adapters..copied..Copied$LT$core..slice..iter..Iter$LT$u8$GT$$GT$$GT$::h3b8a07e89c9557b8
        400401f6         400401f6        0     1                 
        400401f6         400401f6        0     1                 
        400401f6         400401f6        0     1                 
        400401f6         400401f6        0     1                 
        400401f8         400401f8        0     1                 
        400401f8         400401f8        0     1                 
        400401f8         400401f8        0     1                 
        400401f8         400401f8        c     2         /Users/sphw/code/k5/examples/rv-foo/target/riscv64imac-unknown-none-elf/debug/deps/foo-e6784eafb5d98c16.userspace-b8d26857aa28fa9c.1nqehmstbnqit8ge.rcgu.o.rcgu.o:(.text._ZN36_$LT$T$u20$as$u20$core..any..Any$GT$7type_id17h4a0eb0a825ab96d4E)
        400401f8         400401f8        c     1                 _$LT$T$u20$as$u20$core..any..Any$GT$::type_id::h4a0eb0a825ab96d4
        400401f8         400401f8        0     1                 
        400401f8         400401f8        0     1                 
        400401f8         400401f8        0     1                 .LBB8_1
        400401f8         400401f8        0     1                 
        40040202         40040202        0     1                 
        40040204         40040204        0     1                 
        40040204         40040204        0     1                 
        40040204         40040204        0     1                 
        40040204         40040204        a     2         /Users/sphw/code/k5/examples/rv-foo/target/riscv64imac-unknown-none-elf/debug/deps/foo-e6784eafb5d98c16.userspace-b8d26857aa28fa9c.1nqehmstbnqit8ge.rcgu.o.rcgu.o:(.text._ZN4core3fmt3num3imp52_$LT$impl$u20$core..fmt..Display$u20$for$u20$u64$GT$3fmt17ha2f1fab428267306E)
        40040204         40040204        a     1                 core::fmt::num::imp::_$LT$impl$u20$core..fmt..Display$u20$for$u20$u64$GT$::fmt::ha2f1fab428267306
        40040204         40040204        0     1                 
        40040204         40040204        0     1                 
        40040204         40040204        0     1                 
        40040204         40040204        0     1                 
        40040206         40040206        0     1                 
        40040206         40040206        0     1                 
        4004020e         4004020e        0     1                 
        4004020e         4004020e        0     1                 
        4004020e         4004020e        0     1                 
        4004020e         4004020e      15e     2         /Users/sphw/code/k5/examples/rv-foo/target/riscv64imac-unknown-none-elf/debug/deps/foo-e6784eafb5d98c16.userspace-b8d26857aa28fa9c.1nqehmstbnqit8ge.rcgu.o.rcgu.o:(.text._ZN4core3fmt3num3imp7fmt_u6417hcd7b81d264019942E)
        4004020e         4004020e      15e     1                 core::fmt::num::imp::fmt_u64::hcd7b81d264019942
        4004020e         4004020e        0     1                 
        4004020e         4004020e        0     1                 
        4004020e         4004020e        0     1                 
        40040210         40040210        0     1                 
        40040214         40040214        0     1                 
        40040216         40040216        0     1                 
        40040222         40040222        0     1                 .LBB10_10
        40040222         40040222        0     1                 
        4004022a         4004022a        0     1                 
        4004022e         4004022e        0     1                 
        40040232         40040232        0     1                 
        40040236         40040236        0     1                 
        40040238         40040238        0     1                 
        4004023c         4004023c        0     1                 
        40040244         40040244        0     1                 
        40040244         40040244        0     1                 
        40040246         40040246        0     1                 
        40040246         40040246        0     1                 
        40040250         40040250        0     1                 
        40040252         40040252        0     1                 .LBB10_11
        4004027c         4004027c        0     1                 
        40040288         40040288        0     1                 
        400402a2         400402a2        0     1                 
        400402a6         400402a6        0     1                 
        400402a6         400402a6        0     1                 
        400402a8         400402a8        0     1                 
        400402a8         400402a8        0     1                 
        400402b4         400402b4        0     1                 
        400402b4         400402b4        0     1                 
        400402b6         400402b6        0     1                 
        400402b6         400402b6        0     1                 
        400402be         400402be        0     1                 
        400402be         400402be        0     1                 
        400402c6         400402c6        0     1                 
        400402c6         400402c6        0     1                 
        400402ce         400402ce        0     1                 
        400402ce         400402ce        0     1                 
        400402d4         400402d4        0     1                 
        400402e0         400402e0        0     1                 
        400402fc         400402fc        0     1                 
        40040300         40040300        0     1                 
        40040302         40040302        0     1                 
        40040302         40040302        0     1                 
        40040304         40040304        0     1                 
        40040304         40040304        0     1                 
        40040310         40040310        0     1                 
        40040310         40040310        0     1                 
        40040312         40040312        0     1                 
        40040312         40040312        0     1                 
        4004031e         4004031e        0     1                 
        4004031e         4004031e        0     1                 
        40040322         40040322        0     1                 
        40040324         40040324        0     1                 
        40040328         40040328        0     1                 
        40040328         40040328        0     1                 
        4004032a         4004032a        0     1                 
        4004032a         4004032a        0     1                 
        40040336         40040336        0     1                 
        40040336         40040336        0     1                 
        40040338         40040338        0     1                 
        40040338         40040338        0     1                 
        40040340         40040340        0     1                 
        40040340         40040340        0     1                 
        40040344         40040344        0     1                 
        40040344         40040344        0     1                 
        4004034c         4004034c        0     1                 
        4004034c         4004034c        0     1                 
        40040350         40040350        0     1                 .LBB10_12
        40040350         40040350        0     1                 
        40040364         40040364        0     1                 
        4004036c         4004036c        0     1                 
        4004036c         4004036c        0     1                 
        4004036c         4004036c        0     1                 
        4004036c         4004036c      1e8     2         /Users/sphw/code/k5/examples/rv-foo/target/riscv64imac-unknown-none-elf/debug/deps/foo-e6784eafb5d98c16.userspace-b8d26857aa28fa9c.1nqehmstbnqit8ge.rcgu.o.rcgu.o:(.text._ZN4core3fmt9Formatter12pad_integral17ha6201ac6ac5e9f85E)
        4004036c         4004036c      1e8     1                 core::fmt::Formatter::pad_integral::ha6201ac6ac5e9f85
        4004036c         4004036c        0     1                 
        4004036c         4004036c        0     1                 
        4004036c         4004036c        0     1                 
        4004036e         4004036e        0     1                 
        40040388         40040388        0     1                 
        4004038a         4004038a        0     1                 
        4004038a         4004038a        0     1                 
        4004039e         4004039e        0     1                 
        4004039e         4004039e        0     1                 
        400403a0         400403a0        0     1                 
        400403a4         400403a4        0     1                 
        400403a4         400403a4        0     1                 
        400403a8         400403a8        0     1                 
        400403a8         400403a8        0     1                 
        400403ac         400403ac        0     1                 
        400403ae         400403ae        0     1                 
        400403b0         400403b0        0     1                 
        400403b2         400403b2        0     1                 
        400403b6         400403b6        0     1                 
        400403b8         400403b8        0     1                 
        400403b8         400403b8        0     1                 
        400403bc         400403bc        0     1                 
        400403bc         400403bc        0     1                 
        400403c0         400403c0        0     1                 
        400403c4         400403c4        0     1                 
        400403c4         400403c4        0     1                 
        400403c6         400403c6        0     1                 
        400403c6         400403c6        0     1                 
        400403ce         400403ce        0     1                 
        400403ce         400403ce        0     1                 
        400403d0         400403d0        0     1                 
        400403d0         400403d0        0     1                 
        400403d2         400403d2        0     1                 
        400403d2         400403d2        0     1                 
        400403d4         400403d4        0     1                 
        400403d4         400403d4        0     1                 
        400403d6         400403d6        0     1                 
        400403d8         400403d8        0     1                 
        400403da         400403da        0     1                 
        400403de         400403de        0     1                 
        400403e2         400403e2        0     1                 
        400403e2         400403e2        0     1                 
        400403e4         400403e4        0     1                 
        400403e4         400403e4        0     1                 
        400403e6         400403e6        0     1                 
        400403e6         400403e6        0     1                 
        400403f2         400403f2        0     1                 
        400403f4         400403f4        0     1                 
        400403f8         400403f8        0     1                 
        400403f8         400403f8        0     1                 
        40040400         40040400        0     1                 
        40040400         40040400        0     1                 
        40040404         40040404        0     1                 
        40040404         40040404        0     1                 
        40040422         40040422        0     1                 
        40040442         40040442        0     1                 
        40040468         40040468        0     1                 
        40040468         40040468        0     1                 
        4004046e         4004046e        0     1                 
        4004046e         4004046e        0     1                 
        40040472         40040472        0     1                 
        40040472         40040472        0     1                 
        4004047c         4004047c        0     1                 
        4004047c         4004047c        0     1                 
        40040480         40040480        0     1                 
        40040480         40040480        0     1                 
        40040484         40040484        0     1                 
        40040484         40040484        0     1                 
        40040498         40040498        0     1                 
        4004049a         4004049a        0     1                 
        4004049a         4004049a        0     1                 
        400404a2         400404a2        0     1                 
        400404a2         400404a2        0     1                 
        400404a4         400404a4        0     1                 
        400404a4         400404a4        0     1                 
        400404a6         400404a6        0     1                 
        400404a6         400404a6        0     1                 
        400404b6         400404b6        0     1                 
        400404b6         400404b6        0     1                 
        400404bc         400404bc        0     1                 
        400404bc         400404bc        0     1                 
        400404c0         400404c0        0     1                 
        400404c2         400404c2        0     1                 
        400404c6         400404c6        0     1                 
        400404d0         400404d0        0     1                 
        400404d4         400404d4        0     1                 
        400404d4         400404d4        0     1                 
        400404d6         400404d6        0     1                 
        400404d6         400404d6        0     1                 
        400404d8         400404d8        0     1                 
        400404d8         400404d8        0     1                 
        400404e4         400404e4        0     1                 
        400404e4         400404e4        0     1                 
        400404ee         400404ee        0     1                 
        400404f2         400404f2        0     1                 
        40040506         40040506        0     1                 
        40040514         40040514        0     1                 
        4004051a         4004051a        0     1                 
        4004051a         4004051a        0     1                 
        4004051e         4004051e        0     1                 
        4004051e         4004051e        0     1                 
        40040520         40040520        0     1                 
        40040520         40040520        0     1                 
        4004052e         4004052e        0     1                 
        4004052e         4004052e        0     1                 
        4004053e         4004053e        0     1                 
        40040540         40040540        0     1                 
        40040544         40040544        0     1                 
        4004054c         4004054c        0     1                 
        4004054e         4004054e        0     1                 
        4004054e         4004054e        0     1                 
        40040554         40040554        0     1                 
        40040554         40040554        0     1                 
        40040554         40040554        0     1                 
        40040554         40040554        0     1                 
        40040554         40040554       56     2         /Users/sphw/code/k5/examples/rv-foo/target/riscv64imac-unknown-none-elf/debug/deps/foo-e6784eafb5d98c16.userspace-b8d26857aa28fa9c.1nqehmstbnqit8ge.rcgu.o.rcgu.o:(.text._ZN4core3fmt9Formatter12pad_integral12write_prefix17hef7d4c457ba05dd1E)
        40040554         40040554       56     1                 core::fmt::Formatter::pad_integral::write_prefix::hef7d4c457ba05dd1
        40040554         40040554        0     1                 
        40040554         40040554        0     1                 
        40040554         40040554        0     1                 
        40040556         40040556        0     1                 
        40040560         40040560        0     1                 
        40040570         40040570        0     1                 
        40040574         40040574        0     1                 
        40040582         40040582        0     1                 
        40040584         40040584        0     1                 
        4004059a         4004059a        0     1                 
        4004059c         4004059c        0     1                 
        400405aa         400405aa        0     1                 
        400405aa         400405aa        0     1                 
        400405aa         400405aa        0     1                 
        400405aa         400405aa        e     2         /Users/sphw/code/k5/examples/rv-foo/target/riscv64imac-unknown-none-elf/debug/deps/foo-e6784eafb5d98c16.userspace-b8d26857aa28fa9c.1nqehmstbnqit8ge.rcgu.o.rcgu.o:(.text.unlikely._ZN4core5slice5index26slice_start_index_len_fail17h9fef55a47128cbc6E)
        400405aa         400405aa        e     1                 core::slice::index::slice_start_index_len_fail::h9fef55a47128cbc6
        400405aa         400405aa        0     1                 
        400405aa         400405aa        0     1                 
        400405aa         400405aa        0     1                 
        400405ac         400405ac        0     1                 
        400405ac         400405ac        0     1                 
        400405ac         400405ac        0     1                 
        400405ae         400405ae        0     1                 
        400405b8         400405b8        0     1                 
        400405b8         400405b8        0     1                 
        400405b8         400405b8        0     1                 
        400405b8         400405b8        0     1                 
        400405b8         400405b8        e     2         /Users/sphw/code/k5/examples/rv-foo/target/riscv64imac-unknown-none-elf/debug/deps/foo-e6784eafb5d98c16.userspace-b8d26857aa28fa9c.1nqehmstbnqit8ge.rcgu.o.rcgu.o:(.text._ZN4core3ops8function6FnOnce9call_once17hd83ae3b3196ac0daE)
        400405b8         400405b8        e     1                 core::ops::function::FnOnce::call_once::hd83ae3b3196ac0da
        400405b8         400405b8        0     1                 
        400405b8         400405b8        0     1                 
        400405b8         400405b8        0     1                 
        400405ba         400405ba        0     1                 
        400405ba         400405ba        0     1                 
        400405bc         400405bc        0     1                 
        400405c6         400405c6        0     1                 
        400405c6         400405c6        0     1                 
        400405c6         400405c6        0     1                 
        400405c6         400405c6       4a     2         /Users/sphw/code/k5/examples/rv-foo/target/riscv64imac-unknown-none-elf/debug/deps/foo-e6784eafb5d98c16.userspace-b8d26857aa28fa9c.1nqehmstbnqit8ge.rcgu.o.rcgu.o:(.text._ZN4core5slice5index29slice_start_index_len_fail_rt17ha9d4891aa8496f0fE)
        400405c6         400405c6       4a     1                 core::slice::index::slice_start_index_len_fail_rt::ha9d4891aa8496f0f
        400405c6         400405c6        0     1                 
        400405c6         400405c6        0     1                 
        400405c6         400405c6        0     1                 
        400405c8         400405c8        0     1                 
        400405ca         400405ca        0     1                 
        400405d4         400405d4        0     1                 
        400405d6         400405d6        0     1                 .LBB15_1
        400405e6         400405e6        0     1                 .LBB15_2
        400405e6         400405e6        0     1                 
        400405e6         400405e6        0     1                 
        400405fc         400405fc        0     1                 
        400405fc         400405fc        0     1                 .LBB15_3
        400405fc         400405fc        0     1                 
        40040610         40040610        0     1                 
        40040610         40040610        0     1                 
        40040610         40040610        0     1                 
        40040610         40040610        e     2         /Users/sphw/code/k5/examples/rv-foo/target/riscv64imac-unknown-none-elf/debug/deps/foo-e6784eafb5d98c16.userspace-b8d26857aa28fa9c.1nqehmstbnqit8ge.rcgu.o.rcgu.o:(.text.unlikely._ZN4core5slice5index24slice_end_index_len_fail17h2db1e06274e604e5E)
        40040610         40040610        e     1                 core::slice::index::slice_end_index_len_fail::h2db1e06274e604e5
        40040610         40040610        0     1                 
        40040610         40040610        0     1                 
        40040610         40040610        0     1                 
        40040612         40040612        0     1                 
        40040612         40040612        0     1                 
        40040612         40040612        0     1                 
        40040614         40040614        0     1                 
        4004061e         4004061e        0     1                 
        4004061e         4004061e        0     1                 
        4004061e         4004061e        0     1                 
        4004061e         4004061e        0     1                 
        4004061e         4004061e        e     2         /Users/sphw/code/k5/examples/rv-foo/target/riscv64imac-unknown-none-elf/debug/deps/foo-e6784eafb5d98c16.userspace-b8d26857aa28fa9c.1nqehmstbnqit8ge.rcgu.o.rcgu.o:(.text._ZN4core3ops8function6FnOnce9call_once17h38fbd718cdfb908cE)
        4004061e         4004061e        e     1                 core::ops::function::FnOnce::call_once::h38fbd718cdfb908c
        4004061e         4004061e        0     1                 
        4004061e         4004061e        0     1                 
        4004061e         4004061e        0     1                 
        40040620         40040620        0     1                 
        40040620         40040620        0     1                 
        40040622         40040622        0     1                 
        4004062c         4004062c        0     1                 
        4004062c         4004062c        0     1                 
        4004062c         4004062c        0     1                 
        4004062c         4004062c       4a     2         /Users/sphw/code/k5/examples/rv-foo/target/riscv64imac-unknown-none-elf/debug/deps/foo-e6784eafb5d98c16.userspace-b8d26857aa28fa9c.1nqehmstbnqit8ge.rcgu.o.rcgu.o:(.text._ZN4core5slice5index27slice_end_index_len_fail_rt17hd79a2e0ec99f6ec4E)
        4004062c         4004062c       4a     1                 core::slice::index::slice_end_index_len_fail_rt::hd79a2e0ec99f6ec4
        4004062c         4004062c        0     1                 
        4004062c         4004062c        0     1                 
        4004062c         4004062c        0     1                 
        4004062e         4004062e        0     1                 
        40040630         40040630        0     1                 
        4004063a         4004063a        0     1                 
        4004063c         4004063c        0     1                 .LBB18_1
        4004064c         4004064c        0     1                 .LBB18_2
        4004064c         4004064c        0     1                 
        4004064c         4004064c        0     1                 
        40040662         40040662        0     1                 
        40040662         40040662        0     1                 .LBB18_3
        40040662         40040662        0     1                 
        40040676         40040676        0     1                 
        40040676         40040676        0     1                 
        40040676         40040676        0     1                 
        40040676         40040676      3dc     2         /Users/sphw/code/k5/examples/rv-foo/target/riscv64imac-unknown-none-elf/debug/deps/foo-e6784eafb5d98c16.userspace-b8d26857aa28fa9c.1nqehmstbnqit8ge.rcgu.o.rcgu.o:(.text._ZN4core3fmt9Formatter3pad17hb3f3692cd5a4e238E)
        40040676         40040676      3dc     1                 core::fmt::Formatter::pad::hb3f3692cd5a4e238
        40040676         40040676        0     1                 
        40040676         40040676        0     1                 
        40040676         40040676        0     1                 
        40040678         40040678        0     1                 
        40040678         40040678        0     1                 
        40040678         40040678        0     1                 
        4004068a         4004068a        0     1                 
        4004068e         4004068e        0     1                 
        4004068e         4004068e        0     1                 
        40040690         40040690        0     1                 
        40040690         40040690        0     1                 
        40040698         40040698        0     1                 
        40040698         40040698        0     1                 
        400406aa         400406aa        0     1                 
        400406ac         400406ac        0     1                 
        400406b0         400406b0        0     1                 
        400406b4         400406b4        0     1                 
        400406b4         400406b4        0     1                 
        400406b8         400406b8        0     1                 
        400406b8         400406b8        0     1                 
        400406cc         400406cc        0     1                 
        400406cc         400406cc        0     1                 
        400406d0         400406d0        0     1                 
        400406d0         400406d0        0     1                 
        400406d2         400406d2        0     1                 
        400406d6         400406d6        0     1                 
        400406d6         400406d6        0     1                 
        400406da         400406da        0     1                 
        400406da         400406da        0     1                 
        400406dc         400406dc        0     1                 
        400406dc         400406dc        0     1                 
        400406de         400406de        0     1                 
        400406de         400406de        0     1                 
        400406e2         400406e2        0     1                 
        400406e2         400406e2        0     1                 
        400406ea         400406ea        0     1                 
        400406ee         400406ee        0     1                 
        400406f2         400406f2        0     1                 
        400406f2         400406f2        0     1                 
        400406f6         400406f6        0     1                 
        400406f6         400406f6        0     1                 
        400406fa         400406fa        0     1                 
        400406fa         400406fa        0     1                 
        400406fe         400406fe        0     1                 
        40040702         40040702        0     1                 
        40040702         40040702        0     1                 
        4004070c         4004070c        0     1                 
        4004070c         4004070c        0     1                 
        40040710         40040710        0     1                 
        40040714         40040714        0     1                 
        4004071a         4004071a        0     1                 
        4004071a         4004071a        0     1                 
        40040724         40040724        0     1                 
        40040724         40040724        0     1                 
        40040728         40040728        0     1                 
        40040728         40040728        0     1                 
        4004072c         4004072c        0     1                 
        4004072c         4004072c        0     1                 
        4004074c         4004074c        0     1                 
        4004074c         4004074c        0     1                 
        40040750         40040750        0     1                 
        40040750         40040750        0     1                 
        40040754         40040754        0     1                 
        40040758         40040758        0     1                 
        40040760         40040760        0     1                 
        40040764         40040764        0     1                 
        40040768         40040768        0     1                 
        4004076c         4004076c        0     1                 
        40040770         40040770        0     1                 
        40040774         40040774        0     1                 
        40040774         40040774        0     1                 
        40040778         40040778        0     1                 
        40040778         40040778        0     1                 
        4004077c         4004077c        0     1                 
        4004077c         4004077c        0     1                 
        40040780         40040780        0     1                 
        40040784         40040784        0     1                 
        40040784         40040784        0     1                 
        40040790         40040790        0     1                 
        40040790         40040790        0     1                 
        40040796         40040796        0     1                 
        40040796         40040796        0     1                 
        4004079a         4004079a        0     1                 
        4004079a         4004079a        0     1                 
        4004079c         4004079c        0     1                 
        400407a0         400407a0        0     1                 
        400407a0         400407a0        0     1                 
        400407a4         400407a4        0     1                 
        400407a4         400407a4        0     1                 
        400407ac         400407ac        0     1                 
        400407ac         400407ac        0     1                 
        400407b0         400407b0        0     1                 
        400407b0         400407b0        0     1                 
        400407b2         400407b2        0     1                 
        400407b2         400407b2        0     1                 
        400407b6         400407b6        0     1                 
        400407b6         400407b6        0     1                 
        400407ba         400407ba        0     1                 
        400407ba         400407ba        0     1                 
        400407bc         400407bc        0     1                 
        400407bc         400407bc        0     1                 
        400407be         400407be        0     1                 
        400407be         400407be        0     1                 
        400407c2         400407c2        0     1                 
        400407c6         400407c6        0     1                 
        400407ce         400407ce        0     1                 
        400407ce         400407ce        0     1                 
        400407d2         400407d2        0     1                 
        400407d4         400407d4        0     1                 
        400407d4         400407d4        0     1                 
        400407d8         400407d8        0     1                 
        400407d8         400407d8        0     1                 
        400407dc         400407dc        0     1                 
        400407e0         400407e0        0     1                 
        400407e0         400407e0        0     1                 
        400407e2         400407e2        0     1                 
        400407e2         400407e2        0     1                 
        400407ea         400407ea        0     1                 
        400407ea         400407ea        0     1                 
        400407ec         400407ec        0     1                 
        400407ec         400407ec        0     1                 
        400407ee         400407ee        0     1                 
        400407ee         400407ee        0     1                 
        400407f2         400407f2        0     1                 
        400407f2         400407f2        0     1                 
        400407fa         400407fa        0     1                 
        400407fe         400407fe        0     1                 
        400407fe         400407fe        0     1                 
        40040802         40040802        0     1                 
        40040802         40040802        0     1                 
        40040806         40040806        0     1                 
        40040806         40040806        0     1                 
        40040816         40040816        0     1                 
        4004081c         4004081c        0     1                 
        4004081c         4004081c        0     1                 
        40040820         40040820        0     1                 
        40040820         40040820        0     1                 
        40040822         40040822        0     1                 
        40040822         40040822        0     1                 
        4004082a         4004082a        0     1                 
        4004082a         4004082a        0     1                 
        4004082c         4004082c        0     1                 
        4004082c         4004082c        0     1                 
        4004082e         4004082e        0     1                 
        4004082e         4004082e        0     1                 
        40040830         40040830        0     1                 
        40040830         40040830        0     1                 
        40040834         40040834        0     1                 
        40040834         40040834        0     1                 
        4004083c         4004083c        0     1                 
        40040840         40040840        0     1                 
        40040842         40040842        0     1                 
        40040844         40040844        0     1                 
        40040844         40040844        0     1                 
        40040848         40040848        0     1                 
        40040848         40040848        0     1                 
        4004084a         4004084a        0     1                 
        4004084c         4004084c        0     1                 
        40040850         40040850        0     1                 
        40040850         40040850        0     1                 
        4004087a         4004087a        0     1                 
        4004087a         4004087a        0     1                 
        4004087e         4004087e        0     1                 
        40040880         40040880        0     1                 
        40040884         40040884        0     1                 
        4004088e         4004088e        0     1                 
        40040892         40040892        0     1                 
        40040892         40040892        0     1                 
        40040894         40040894        0     1                 
        40040894         40040894        0     1                 
        40040896         40040896        0     1                 
        40040896         40040896        0     1                 
        400408a2         400408a2        0     1                 
        400408a2         400408a2        0     1                 
        400408ac         400408ac        0     1                 
        400408b0         400408b0        0     1                 
        400408c0         400408c0        0     1                 
        400408c2         400408c2        0     1                 
        400408c2         400408c2        0     1                 
        400408c6         400408c6        0     1                 
        400408c6         400408c6        0     1                 
        400408ca         400408ca        0     1                 
        400408ca         400408ca        0     1                 
        400408cc         400408cc        0     1                 
        400408cc         400408cc        0     1                 
        400408da         400408da        0     1                 
        400408da         400408da        0     1                 
        400408e0         400408e0        0     1                 
        400408e0         400408e0        0     1                 
        400408ea         400408ea        0     1                 
        400408ea         400408ea        0     1                 
        400408ee         400408ee        0     1                 
        400408ee         400408ee        0     1                 
        400408f0         400408f0        0     1                 
        400408f0         400408f0        0     1                 
        400408f8         400408f8        0     1                 
        400408f8         400408f8        0     1                 
        400408fa         400408fa        0     1                 
        400408fa         400408fa        0     1                 
        400408fc         400408fc        0     1                 
        400408fc         400408fc        0     1                 
        400408fe         400408fe        0     1                 
        400408fe         400408fe        0     1                 
        40040902         40040902        0     1                 
        40040902         40040902        0     1                 
        40040904         40040904        0     1                 
        40040904         40040904        0     1                 
        4004090a         4004090a        0     1                 
        4004090e         4004090e        0     1                 
        4004090e         4004090e        0     1                 
        40040910         40040910        0     1                 
        40040910         40040910        0     1                 
        40040918         40040918        0     1                 
        40040918         40040918        0     1                 
        4004091a         4004091a        0     1                 
        4004091a         4004091a        0     1                 
        4004091c         4004091c        0     1                 
        4004091c         4004091c        0     1                 
        4004091e         4004091e        0     1                 
        4004091e         4004091e        0     1                 
        40040922         40040922        0     1                 .LBB19_79
        4004092c         4004092c        0     1                 .LBB19_80
        40040946         40040946        0     1                 
        4004094a         4004094a        0     1                 
        4004095a         4004095a        0     1                 
        4004095a         4004095a        0     1                 
        40040966         40040966        0     1                 
        40040966         40040966        0     1                 
        4004096a         4004096a        0     1                 
        4004096a         4004096a        0     1                 
        4004096c         4004096c        0     1                 
        4004096c         4004096c        0     1                 
        4004096e         4004096e        0     1                 
        40040970         40040970        0     1                 
        40040970         40040970        0     1                 
        40040974         40040974        0     1                 
        4004097e         4004097e        0     1                 
        40040982         40040982        0     1                 
        40040986         40040986        0     1                 
        40040986         40040986        0     1                 
        4004098a         4004098a        0     1                 
        4004098a         4004098a        0     1                 
        40040992         40040992        0     1                 
        40040992         40040992        0     1                 
        40040994         40040994        0     1                 
        40040994         40040994        0     1                 
        40040998         40040998        0     1                 
        4004099a         4004099a        0     1                 
        4004099c         4004099c        0     1                 
        4004099c         4004099c        0     1                 
        400409a4         400409a4        0     1                 
        400409a4         400409a4        0     1                 
        400409a6         400409a6        0     1                 
        400409a6         400409a6        0     1                 
        400409aa         400409aa        0     1                 
        400409aa         400409aa        0     1                 
        400409ac         400409ac        0     1                 
        400409ac         400409ac        0     1                 
        400409b6         400409b6        0     1                 
        400409b6         400409b6        0     1                 
        400409b8         400409b8        0     1                 
        400409b8         400409b8        0     1                 
        400409bc         400409bc        0     1                 
        400409bc         400409bc        0     1                 
        400409be         400409be        0     1                 
        400409be         400409be        0     1                 
        400409c8         400409c8        0     1                 
        400409c8         400409c8        0     1                 
        400409ca         400409ca        0     1                 
        400409ca         400409ca        0     1                 
        400409ce         400409ce        0     1                 
        400409ce         400409ce        0     1                 
        400409d0         400409d0        0     1                 
        400409d0         400409d0        0     1                 
        400409de         400409de        0     1                 
        400409de         400409de        0     1                 
        400409e2         400409e2        0     1                 
        400409e2         400409e2        0     1                 
        400409e4         400409e4        0     1                 
        400409e4         400409e4        0     1                 
        400409ea         400409ea        0     1                 
        400409ea         400409ea        0     1                 
        400409ee         400409ee        0     1                 
        400409f2         400409f2        0     1                 
        400409f6         400409f6        0     1                 
        400409fc         400409fc        0     1                 
        40040a02         40040a02        0     1                 
        40040a02         40040a02        0     1                 
        40040a06         40040a06        0     1                 
        40040a06         40040a06        0     1                 
        40040a08         40040a08        0     1                 
        40040a08         40040a08        0     1                 
        40040a14         40040a14        0     1                 
        40040a14         40040a14        0     1                 
        40040a16         40040a16        0     1                 
        40040a16         40040a16        0     1                 
        40040a18         40040a18        0     1                 
        40040a18         40040a18        0     1                 
        40040a1c         40040a1c        0     1                 
        40040a1c         40040a1c        0     1                 
        40040a1e         40040a1e        0     1                 
        40040a1e         40040a1e        0     1                 
        40040a22         40040a22        0     1                 
        40040a22         40040a22        0     1                 
        40040a3a         40040a3a        0     1                 
        40040a3c         40040a3c        0     1                 
        40040a3c         40040a3c        0     1                 
        40040a48         40040a48        0     1                 
        40040a48         40040a48        0     1                 
        40040a4c         40040a4c        0     1                 
        40040a4c         40040a4c        0     1                 
        40040a4e         40040a4e        0     1                 
        40040a4e         40040a4e        0     1                 
        40040a52         40040a52        0     1                 
        40040a52         40040a52        0     1                 
        40040a52         40040a52        0     1                 
        40040a52         40040a52        0     1                 
        40040a52         40040a52       2c     2         /Users/sphw/code/k5/examples/rv-foo/target/riscv64imac-unknown-none-elf/debug/deps/foo-e6784eafb5d98c16.userspace-b8d26857aa28fa9c.1nqehmstbnqit8ge.rcgu.o.rcgu.o:(.text.unlikely._ZN4core9panicking5panic17h70173a3d289347a1E)
        40040a52         40040a52       2c     1                 core::panicking::panic::h70173a3d289347a1
        40040a52         40040a52        0     1                 
        40040a52         40040a52        0     1                 
        40040a52         40040a52        0     1                 
        40040a54         40040a54        0     1                 
        40040a54         40040a54        0     1                 
        40040a56         40040a56        0     1                 
        40040a5c         40040a5c        0     1                 
        40040a5c         40040a5c        0     1                 
        40040a64         40040a64        0     1                 .LBB20_1
        40040a70         40040a70        0     1                 
        40040a70         40040a70        0     1                 
        40040a7e         40040a7e        0     1                 
        40040a7e         40040a7e        0     1                 
        40040a7e         40040a7e        0     1                 
        40040a7e         40040a7e       10     2         /Users/sphw/code/k5/examples/rv-foo/target/riscv64imac-unknown-none-elf/debug/deps/foo-e6784eafb5d98c16.userspace-b8d26857aa28fa9c.1nqehmstbnqit8ge.rcgu.o.rcgu.o:(.text._ZN84_$LT$core..panicking..assert_matches_failed..Pattern$u20$as$u20$core..fmt..Debug$GT$3fmt17h0736623fc567019cE)
        40040a7e         40040a7e       10     1                 _$LT$core..panicking..assert_matches_failed..Pattern$u20$as$u20$core..fmt..Debug$GT$::fmt::h0736623fc567019c
        40040a7e         40040a7e        0     1                 
        40040a7e         40040a7e        0     1                 
        40040a7e         40040a7e        0     1                 
        40040a7e         40040a7e        0     1                 
        40040a84         40040a84        0     1                 
        40040a84         40040a84        0     1                 
        40040a8e         40040a8e        0     1                 
        40040a8e         40040a8e        0     1                 
        40040a8e         40040a8e        0     1                 
        40040a8e         40040a8e        0     1                 
        40040a8e         40040a8e      190     2         /Users/sphw/code/k5/examples/rv-foo/target/riscv64imac-unknown-none-elf/debug/deps/foo-e6784eafb5d98c16.userspace-b8d26857aa28fa9c.1nqehmstbnqit8ge.rcgu.o.rcgu.o:(.text._ZN4core3fmt5write17h382ed7cfb641333cE)
        40040a8e         40040a8e      190     1                 core::fmt::write::h382ed7cfb641333c
        40040a8e         40040a8e        0     1                 
        40040a8e         40040a8e        0     1                 
        40040a8e         40040a8e        0     1                 
        40040a90         40040a90        0     1                 
        40040aa0         40040aa0        0     1                 
        40040aa6         40040aa6        0     1                 
        40040aa6         40040aa6        0     1                 
        40040aae         40040aae        0     1                 
        40040aae         40040aae        0     1                 
        40040ab2         40040ab2        0     1                 
        40040ab2         40040ab2        0     1                 
        40040aba         40040aba        0     1                 
        40040aba         40040aba        0     1                 
        40040abc         40040abc        0     1                 
        40040ac0         40040ac0        0     1                 
        40040ac0         40040ac0        0     1                 
        40040ac4         40040ac4        0     1                 
        40040ac8         40040ac8        0     1                 
        40040ae6         40040ae6        0     1                 
        40040ae6         40040ae6        0     1                 .LBB22_32
        40040ae6         40040ae6        0     1                 
        40040aee         40040aee        0     1                 
        40040af0         40040af0        0     1                 
        40040af2         40040af2        0     1                 
        40040af6         40040af6        0     1                 
        40040afa         40040afa        0     1                 
        40040b02         40040b02        0     1                 
        40040b02         40040b02        0     1                 
        40040b04         40040b04        0     1                 
        40040b06         40040b06        0     1                 
        40040b0a         40040b0a        0     1                 
        40040b0e         40040b0e        0     1                 
        40040b10         40040b10        0     1                 
        40040b10         40040b10        0     1                 
        40040b14         40040b14        0     1                 
        40040b14         40040b14        0     1                 
        40040b16         40040b16        0     1                 
        40040b1a         40040b1a        0     1                 
        40040b1a         40040b1a        0     1                 
        40040b1c         40040b1c        0     1                 
        40040b1e         40040b1e        0     1                 
        40040b22         40040b22        0     1                 
        40040b22         40040b22        0     1                 
        40040b26         40040b26        0     1                 
        40040b26         40040b26        0     1                 
        40040b28         40040b28        0     1                 
        40040b28         40040b28        0     1                 
        40040b2c         40040b2c        0     1                 
        40040b2c         40040b2c        0     1                 
        40040b30         40040b30        0     1                 
        40040b32         40040b32        0     1                 
        40040b32         40040b32        0     1                 
        40040b34         40040b34        0     1                 
        40040b34         40040b34        0     1                 
        40040b36         40040b36        0     1                 
        40040b3a         40040b3a        0     1                 
        40040b42         40040b42        0     1                 
        40040b42         40040b42        0     1                 
        40040b44         40040b44        0     1                 
        40040b46         40040b46        0     1                 
        40040b4a         40040b4a        0     1                 
        40040b4a         40040b4a        0     1                 
        40040b4e         40040b4e        0     1                 
        40040b4e         40040b4e        0     1                 
        40040b50         40040b50        0     1                 
        40040b50         40040b50        0     1                 
        40040b54         40040b54        0     1                 
        40040b54         40040b54        0     1                 
        40040b58         40040b58        0     1                 
        40040b5a         40040b5a        0     1                 
        40040b5a         40040b5a        0     1                 
        40040b5c         40040b5c        0     1                 
        40040b5c         40040b5c        0     1                 
        40040b5e         40040b5e        0     1                 
        40040b62         40040b62        0     1                 
        40040b66         40040b66        0     1                 
        40040b66         40040b66        0     1                 
        40040b6a         40040b6a        0     1                 
        40040b6a         40040b6a        0     1                 
        40040b6c         40040b6c        0     1                 
        40040b6e         40040b6e        0     1                 
        40040b72         40040b72        0     1                 
        40040b72         40040b72        0     1                 
        40040b74         40040b74        0     1                 
        40040b74         40040b74        0     1                 
        40040b84         40040b84        0     1                 
        40040b84         40040b84        0     1                 
        40040b88         40040b88        0     1                 
        40040b88         40040b88        0     1                 
        40040b8a         40040b8a        0     1                 
        40040b92         40040b92        0     1                 
        40040baa         40040baa        0     1                 
        40040baa         40040baa        0     1                 
        40040bac         40040bac        0     1                 
        40040bae         40040bae        0     1                 
        40040bb2         40040bb2        0     1                 
        40040bb6         40040bb6        0     1                 
        40040bbc         40040bbc        0     1                 
        40040bbe         40040bbe        0     1                 
        40040bc2         40040bc2        0     1                 
        40040bc8         40040bc8        0     1                 
        40040bc8         40040bc8        0     1                 
        40040bd4         40040bd4        0     1                 
        40040bd4         40040bd4        0     1                 
        40040bd6         40040bd6        0     1                 
        40040bda         40040bda        0     1                 
        40040be0         40040be0        0     1                 
        40040be2         40040be2        0     1                 
        40040be6         40040be6        0     1                 
        40040bea         40040bea        0     1                 
        40040bee         40040bee        0     1                 
        40040bee         40040bee        0     1                 
        40040bf6         40040bf6        0     1                 
        40040bf6         40040bf6        0     1                 
        40040bfa         40040bfa        0     1                 
        40040bfe         40040bfe        0     1                 
        40040c04         40040c04        0     1                 
        40040c0a         40040c0a        0     1                 
        40040c1e         40040c1e        0     1                 
        40040c1e         40040c1e        0     1                 
        40040c1e         40040c1e        0     1                 
        40040c1e         40040c1e        c     2         /Users/sphw/code/k5/examples/rv-foo/target/riscv64imac-unknown-none-elf/debug/deps/foo-e6784eafb5d98c16.userspace-b8d26857aa28fa9c.1nqehmstbnqit8ge.rcgu.o.rcgu.o:(.text._ZN4core3fmt3num3imp52_$LT$impl$u20$core..fmt..Display$u20$for$u20$u32$GT$3fmt17hc0d52b7c5e6b4493E)
        40040c1e         40040c1e        c     1                 core::fmt::num::imp::_$LT$impl$u20$core..fmt..Display$u20$for$u20$u32$GT$::fmt::hc0d52b7c5e6b4493
        40040c1e         40040c1e        0     1                 
        40040c1e         40040c1e        0     1                 
        40040c1e         40040c1e        0     1                 
        40040c1e         40040c1e        0     1                 
        40040c22         40040c22        0     1                 
        40040c22         40040c22        0     1                 
        40040c2a         40040c2a        0     1                 
        40040c2a         40040c2a        0     1                 
        40040c2a         40040c2a        0     1                 
        40040c2a         40040c2a       32     2         /Users/sphw/code/k5/examples/rv-foo/target/riscv64imac-unknown-none-elf/debug/deps/foo-e6784eafb5d98c16.userspace-b8d26857aa28fa9c.1nqehmstbnqit8ge.rcgu.o.rcgu.o:(.text._ZN44_$LT$$RF$T$u20$as$u20$core..fmt..Display$GT$3fmt17hf0c5c6a62a517889E)
        40040c2a         40040c2a       32     1                 _$LT$$RF$T$u20$as$u20$core..fmt..Display$GT$::fmt::hf0c5c6a62a517889
        40040c2a         40040c2a        0     1                 
        40040c2a         40040c2a        0     1                 
        40040c2a         40040c2a        0     1                 
        40040c2c         40040c2c        0     1                 
        40040c2c         40040c2c        0     1                 
        40040c2e         40040c2e        0     1                 
        40040c30         40040c30        0     1                 
        40040c30         40040c30        0     1                 
        40040c42         40040c42        0     1                 
        40040c44         40040c44        0     1                 
        40040c48         40040c48        0     1                 
        40040c4a         40040c4a        0     1                 
        40040c4c         40040c4c        0     1                 
        40040c56         40040c56        0     1                 
        40040c56         40040c56        0     1                 
        40040c5c         40040c5c        0     1                 
        40040c5c         40040c5c        0     1                 
        40040c5c         40040c5c        0     1                 
        40040c5c         40040c5c       12     2         /Users/sphw/code/k5/examples/rv-foo/target/riscv64imac-unknown-none-elf/debug/deps/foo-e6784eafb5d98c16.userspace-b8d26857aa28fa9c.1nqehmstbnqit8ge.rcgu.o.rcgu.o:(.text._ZN44_$LT$$RF$T$u20$as$u20$core..fmt..Display$GT$3fmt17h830479bfd545845fE)
        40040c5c         40040c5c       12     1                 _$LT$$RF$T$u20$as$u20$core..fmt..Display$GT$::fmt::h830479bfd545845f
        40040c5c         40040c5c        0     1                 
        40040c5c         40040c5c        0     1                 
        40040c5c         40040c5c        0     1                 
        40040c5c         40040c5c        0     1                 
        40040c5e         40040c5e        0     1                 
        40040c5e         40040c5e        0     1                 
        40040c64         40040c64        0     1                 
        40040c64         40040c64        0     1                 
        40040c6e         40040c6e        0     1                 
        40040c6e         40040c6e        0     1                 
        40040c6e         40040c6e        0     1                 
        40040c6e         40040c6e        0     1                 
        40040c6e         40040c6e       68     2         /Users/sphw/code/k5/examples/rv-foo/target/riscv64imac-unknown-none-elf/debug/deps/foo-e6784eafb5d98c16.userspace-b8d26857aa28fa9c.1nqehmstbnqit8ge.rcgu.o.rcgu.o:(.text._ZN4core3fmt3num51_$LT$impl$u20$core..fmt..Binary$u20$for$u20$i32$GT$3fmt17ha5cbca65d12d2ec2E)
        40040c6e         40040c6e       68     1                 core::fmt::num::_$LT$impl$u20$core..fmt..Binary$u20$for$u20$i32$GT$::fmt::ha5cbca65d12d2ec2
        40040c6e         40040c6e        0     1                 
        40040c6e         40040c6e        0     1                 
        40040c6e         40040c6e        0     1                 
        40040c70         40040c70        0     1                 
        40040c70         40040c70        0     1                 
        40040c72         40040c72        0     1                 
        40040c7c         40040c7c        0     1                 
        40040c7e         40040c7e        0     1                 
        40040c7e         40040c7e        0     1                 
        40040c86         40040c86        0     1                 
        40040c86         40040c86        0     1                 
        40040c8a         40040c8a        0     1                 
        40040c8a         40040c8a        0     1                 
        40040c8e         40040c8e        0     1                 
        40040c8e         40040c8e        0     1                 
        40040c92         40040c92        0     1                 
        40040c92         40040c92        0     1                 
        40040c98         40040c98        0     1                 
        40040c98         40040c98        0     1                 
        40040ca4         40040ca4        0     1                 
        40040ca6         40040ca6        0     1                 
        40040ca6         40040ca6        0     1                 
        40040cac         40040cac        0     1                 
        40040cac         40040cac        0     1                 
        40040cb0         40040cb0        0     1                 .LBB26_5
        40040cc6         40040cc6        0     1                 
        40040cc6         40040cc6        0     1                 
        40040ccc         40040ccc        0     1                 
        40040ccc         40040ccc        0     1                 
        40040cd6         40040cd6        0     1                 
        40040cd6         40040cd6        0     1                 
        40040cd6         40040cd6        0     1                 
        40040cd6         40040cd6        0     1                 
        40040cd6         40040cd6       1c     2         /Users/sphw/code/k5/examples/rv-foo/target/riscv64imac-unknown-none-elf/debug/deps/foo-e6784eafb5d98c16.userspace-b8d26857aa28fa9c.1nqehmstbnqit8ge.rcgu.o.rcgu.o:(.text._ZN5defmt6export4istr17h744103b38ae658dbE)
        40040cd6         40040cd6       1c     1                 defmt::export::istr::h744103b38ae658db
        40040cd6         40040cd6        0     1                 
        40040cd6         40040cd6        0     1                 
        40040cd6         40040cd6        0     1                 
        40040cd8         40040cd8        0     1                 
        40040cd8         40040cd8        0     1                 
        40040cda         40040cda        0     1                 
        40040cde         40040cde        0     1                 
        40040cde         40040cde        0     1                 
        40040cec         40040cec        0     1                 
        40040cec         40040cec        0     1                 
        40040cf2         40040cf2        0     1                 
        40040cf2         40040cf2        0     1                 
        40040cf2         40040cf2        0     1                 
        40040cf2         40040cf2       18     2         /Users/sphw/code/k5/examples/rv-foo/target/riscv64imac-unknown-none-elf/debug/deps/foo-e6784eafb5d98c16.userspace-b8d26857aa28fa9c.1nqehmstbnqit8ge.rcgu.o.rcgu.o:(.text._ZN5defmt6export6header17hafabce6422c1cd65E)
        40040cf2         40040cf2       18     1                 defmt::export::header::hafabce6422c1cd65
        40040cf2         40040cf2        0     1                 
        40040cf2         40040cf2        0     1                 
        40040cf2         40040cf2        0     1                 
        40040cf4         40040cf4        0     1                 
        40040cf4         40040cf4        0     1                 
        40040cf6         40040cf6        0     1                 
        40040cfe         40040cfe        0     1                 
[...]
             b4c              b4c        0     1                 
             b86              b86        0     1                 
             bce              bce        0     1                 
             c22              c22        0     1                 
             c59              c59        0     1                 
             c8e              c8e        0     1                 
             cc3              cc3        0     1                 
             d40              d40        0     1                 
             d8d              d8d        0     1                 
             dda              dda        0     1                 
             e27              e27        0     1                 
             e74              e74        0     1                 
             ec1              ec1        0     1                 
             efc              efc        0     1                 
             f1f              f1f        0     1                 
               0                0      8ef     1 .debug_abbrev
               0                0      7c5     1         /Users/sphw/code/k5/examples/rv-foo/target/riscv64imac-unknown-none-elf/debug/deps/foo-e6784eafb5d98c16.userspace-b8d26857aa28fa9c.1nqehmstbnqit8ge.rcgu.o.rcgu.o:(.debug_abbrev)
             7c5              7c5       31     1         /Users/sphw/.rustup/toolchains/nightly-aarch64-apple-darwin/lib/rustlib/riscv64imac-unknown-none-elf/lib/libcompiler_builtins-a963df6458589a3a.rlib(compiler_builtins-a963df6458589a3a.compiler_builtins.69eec3d7-cgu.108.rcgu.o):(.debug_abbrev)
             7f6              7f6       c8     1         /Users/sphw/.rustup/toolchains/nightly-aarch64-apple-darwin/lib/rustlib/riscv64imac-unknown-none-elf/lib/libcompiler_builtins-a963df6458589a3a.rlib(compiler_builtins-a963df6458589a3a.compiler_builtins.69eec3d7-cgu.10.rcgu.o):(.debug_abbrev)
             8be              8be       31     1         /Users/sphw/.rustup/toolchains/nightly-aarch64-apple-darwin/lib/rustlib/riscv64imac-unknown-none-elf/lib/libcompiler_builtins-a963df6458589a3a.rlib(compiler_builtins-a963df6458589a3a.compiler_builtins.69eec3d7-cgu.18.rcgu.o):(.debug_abbrev)
               0                0     75fb     1 .debug_info
               0                0     64c1     1         /Users/sphw/code/k5/examples/rv-foo/target/riscv64imac-unknown-none-elf/debug/deps/foo-e6784eafb5d98c16.userspace-b8d26857aa28fa9c.1nqehmstbnqit8ge.rcgu.o.rcgu.o:(.debug_info)
               0                0        0     1                 
             770              770        0     1                 
            1187             1187        0     1                 
            11bd             11bd        0     1                 
            11e1             11e1        0     1                 
            1205             1205        0     1                 
            1348             1348        0     1                 
            177b             177b        0     1                 
            1930             1930        0     1                 
            1b8f             1b8f        0     1                 
            1eb8             1eb8        0     1                 
            20d5             20d5        0     1                 
            24ee             24ee        0     1                 
            255c             255c        0     1                 
            281e             281e        0     1                 
            2f29             2f29        0     1                 
            2f5f             2f5f        0     1                 
            2f95             2f95        0     1                 
            3439             3439        0     1                 
            34b5             34b5        0     1                 
            35b0             35b0        0     1                 
            3742             3742        0     1                 
            3dcf             3dcf        0     1                 
            3dff             3dff        0     1                 
            40e8             40e8        0     1                 
            4326             4326        0     1                 
            6073             6073        0     1                 
            60fd             60fd        0     1                 
            6178             6178        0     1                 
            6403             6403        0     1                 
            642d             642d        0     1                 
            64c1             64c1       53     1         /Users/sphw/.rustup/toolchains/nightly-aarch64-apple-darwin/lib/rustlib/riscv64imac-unknown-none-elf/lib/libcompiler_builtins-a963df6458589a3a.rlib(compiler_builtins-a963df6458589a3a.compiler_builtins.69eec3d7-cgu.108.rcgu.o):(.debug_info)
            64c1             64c1        0     1                 
            6514             6514     1094     1         /Users/sphw/.rustup/toolchains/nightly-aarch64-apple-darwin/lib/rustlib/riscv64imac-unknown-none-elf/lib/libcompiler_builtins-a963df6458589a3a.rlib(compiler_builtins-a963df6458589a3a.compiler_builtins.69eec3d7-cgu.10.rcgu.o):(.debug_info)
            6514             6514        0     1                 
            75a8             75a8       53     1         /Users/sphw/.rustup/toolchains/nightly-aarch64-apple-darwin/lib/rustlib/riscv64imac-unknown-none-elf/lib/libcompiler_builtins-a963df6458589a3a.rlib(compiler_builtins-a963df6458589a3a.compiler_builtins.69eec3d7-cgu.18.rcgu.o):(.debug_info)
            75a8             75a8        0     1                 
               0                0     1190     1 .debug_aranges
               0                0      ff0     1         /Users/sphw/code/k5/examples/rv-foo/target/riscv64imac-unknown-none-elf/debug/deps/foo-e6784eafb5d98c16.userspace-b8d26857aa28fa9c.1nqehmstbnqit8ge.rcgu.o.rcgu.o:(.debug_aranges)
             ff0              ff0       30     1         /Users/sphw/.rustup/toolchains/nightly-aarch64-apple-darwin/lib/rustlib/riscv64imac-unknown-none-elf/lib/libcompiler_builtins-a963df6458589a3a.rlib(compiler_builtins-a963df6458589a3a.compiler_builtins.69eec3d7-cgu.108.rcgu.o):(.debug_aranges)
            1020             1020      140     1         /Users/sphw/.rustup/toolchains/nightly-aarch64-apple-darwin/lib/rustlib/riscv64imac-unknown-none-elf/lib/libcompiler_builtins-a963df6458589a3a.rlib(compiler_builtins-a963df6458589a3a.compiler_builtins.69eec3d7-cgu.10.rcgu.o):(.debug_aranges)
            1160             1160       30     1         /Users/sphw/.rustup/toolchains/nightly-aarch64-apple-darwin/lib/rustlib/riscv64imac-unknown-none-elf/lib/libcompiler_builtins-a963df6458589a3a.rlib(compiler_builtins-a963df6458589a3a.compiler_builtins.69eec3d7-cgu.18.rcgu.o):(.debug_aranges)
               0                0     12b0     1 .debug_ranges
               0                0     1090     1         /Users/sphw/code/k5/examples/rv-foo/target/riscv64imac-unknown-none-elf/debug/deps/foo-e6784eafb5d98c16.userspace-b8d26857aa28fa9c.1nqehmstbnqit8ge.rcgu.o.rcgu.o:(.debug_ranges)
               0                0        0     1                 
              40               40        0     1                 
              80               80        0     1                 
              b0               b0        0     1                 
              e0               e0        0     1                 
             110              110        0     1                 
             140              140        0     1                 
             180              180        0     1                 
             1b0              1b0        0     1                 
             1e0              1e0        0     1                 
             210              210        0     1                 
             240              240        0     1                 
             270              270        0     1                 
             2c0              2c0        0     1                 
             2f0              2f0        0     1                 
             320              320        0     1                 
             350              350        0     1                 
             380              380        0     1                 
             3b0              3b0        0     1                 
             3e0              3e0        0     1                 
             410              410        0     1                 
             440              440        0     1                 
             470              470        0     1                 
             4b0              4b0        0     1                 
             4f0              4f0        0     1                 
             540              540        0     1                 
             570              570        0     1                 
             5b0              5b0        0     1                 
             5f0              5f0        0     1                 
             620              620        0     1                 
             670              670        0     1                 
             6a0              6a0        0     1                 
             6f0              6f0        0     1                 
             720              720        0     1                 
             760              760        0     1                 
             7e0              7e0        0     1                 
             830              830        0     1                 
             870              870        0     1                 
             8a0              8a0        0     1                 
             8e0              8e0        0     1                 
             920              920        0     1                 
             950              950        0     1                 
             980              980        0     1                 
             9b0              9b0        0     1                 
             9e0              9e0        0     1                 
             a10              a10        0     1                 
             a40              a40        0     1                 
             a70              a70        0     1                 
             aa0              aa0        0     1                 
             ad0              ad0        0     1                 
             b00              b00        0     1                 
             b30              b30        0     1                 
             b60              b60        0     1                 
             ba0              ba0        0     1                 
             bd0              bd0        0     1                 
             c00              c00        0     1                 
             c30              c30        0     1                 
             c60              c60        0     1                 
             c90              c90        0     1                 
             cc0              cc0        0     1                 
             cf0              cf0        0     1                 
             d20              d20        0     1                 
             d50              d50        0     1                 
             d80              d80        0     1                 
             de0              de0        0     1                 
             e10              e10        0     1                 
             e40              e40        0     1                 
             e80              e80        0     1                 
             eb0              eb0        0     1                 
             ef0              ef0        0     1                 
            1060             1060        0     1                 
            1090             1090      220     1         /Users/sphw/.rustup/toolchains/nightly-aarch64-apple-darwin/lib/rustlib/riscv64imac-unknown-none-elf/lib/libcompiler_builtins-a963df6458589a3a.rlib(compiler_builtins-a963df6458589a3a.compiler_builtins.69eec3d7-cgu.10.rcgu.o):(.debug_ranges)
            1090             1090        0     1                 
            10c0             10c0        0     1                 
            10f0             10f0        0     1                 
            1120             1120        0     1                 
            1150             1150        0     1                 
            1180             1180        0     1                 
               0                0     d8b1     1 .debug_str
               0                0     d8b1     1         <internal>:(.debug_str)
               0                0     3c62     1 .debug_pubnames
               0                0     3572     1         /Users/sphw/code/k5/examples/rv-foo/target/riscv64imac-unknown-none-elf/debug/deps/foo-e6784eafb5d98c16.userspace-b8d26857aa28fa9c.1nqehmstbnqit8ge.rcgu.o.rcgu.o:(.debug_pubnames)
            3572             3572       3b     1         /Users/sphw/.rustup/toolchains/nightly-aarch64-apple-darwin/lib/rustlib/riscv64imac-unknown-none-elf/lib/libcompiler_builtins-a963df6458589a3a.rlib(compiler_builtins-a963df6458589a3a.compiler_builtins.69eec3d7-cgu.108.rcgu.o):(.debug_pubnames)
            35ad             35ad      67a     1         /Users/sphw/.rustup/toolchains/nightly-aarch64-apple-darwin/lib/rustlib/riscv64imac-unknown-none-elf/lib/libcompiler_builtins-a963df6458589a3a.rlib(compiler_builtins-a963df6458589a3a.compiler_builtins.69eec3d7-cgu.10.rcgu.o):(.debug_pubnames)
            3c27             3c27       3b     1         /Users/sphw/.rustup/toolchains/nightly-aarch64-apple-darwin/lib/rustlib/riscv64imac-unknown-none-elf/lib/libcompiler_builtins-a963df6458589a3a.rlib(compiler_builtins-a963df6458589a3a.compiler_builtins.69eec3d7-cgu.18.rcgu.o):(.debug_pubnames)
               0                0     1197     1 .debug_pubtypes
               0                0     1161     1         /Users/sphw/code/k5/examples/rv-foo/target/riscv64imac-unknown-none-elf/debug/deps/foo-e6784eafb5d98c16.userspace-b8d26857aa28fa9c.1nqehmstbnqit8ge.rcgu.o.rcgu.o:(.debug_pubtypes)
            1161             1161       12     1         /Users/sphw/.rustup/toolchains/nightly-aarch64-apple-darwin/lib/rustlib/riscv64imac-unknown-none-elf/lib/libcompiler_builtins-a963df6458589a3a.rlib(compiler_builtins-a963df6458589a3a.compiler_builtins.69eec3d7-cgu.108.rcgu.o):(.debug_pubtypes)
            1173             1173       12     1         /Users/sphw/.rustup/toolchains/nightly-aarch64-apple-darwin/lib/rustlib/riscv64imac-unknown-none-elf/lib/libcompiler_builtins-a963df6458589a3a.rlib(compiler_builtins-a963df6458589a3a.compiler_builtins.69eec3d7-cgu.10.rcgu.o):(.debug_pubtypes)
            1185             1185       12     1         /Users/sphw/.rustup/toolchains/nightly-aarch64-apple-darwin/lib/rustlib/riscv64imac-unknown-none-elf/lib/libcompiler_builtins-a963df6458589a3a.rlib(compiler_builtins-a963df6458589a3a.compiler_builtins.69eec3d7-cgu.18.rcgu.o):(.debug_pubtypes)
               0                0       2b     1 .riscv.attributes
               0                0       2b     1         /Users/sphw/code/k5/examples/rv-foo/target/riscv64imac-unknown-none-elf/debug/deps/foo-e6784eafb5d98c16.userspace-b8d26857aa28fa9c.1nqehmstbnqit8ge.rcgu.o.rcgu.o:(.riscv.attributes)
               0                0     363f     1 .debug_line
               0                0     2ae1     1         /Users/sphw/code/k5/examples/rv-foo/target/riscv64imac-unknown-none-elf/debug/deps/foo-e6784eafb5d98c16.userspace-b8d26857aa28fa9c.1nqehmstbnqit8ge.rcgu.o.rcgu.o:(.debug_line)
               0                0        0     1                 .Lline_table_start0
             485              485        0     1                 .Lline_table_start1
             5b3              5b3        0     1                 .Lline_table_start2
             5d1              5d1        0     1                 .Lline_table_start3
             5ef              5ef        0     1                 .Lline_table_start4
             60d              60d        0     1                 .Lline_table_start5
             63a              63a        0     1                 .Lline_table_start6
             666              666        0     1                 .Lline_table_start7
             6f0              6f0        0     1                 .Lline_table_start8
             77c              77c        0     1                 .Lline_table_start9
             7b5              7b5        0     1                 .Lline_table_start10
             83c              83c        0     1                 .Lline_table_start11
             88b              88b        0     1                 .Lline_table_start12
             8c1              8c1        0     1                 .Lline_table_start13
             8df              8df        0     1                 .Lline_table_start14
             914              914        0     1                 .Lline_table_start15
             932              932        0     1                 .Lline_table_start16
             950              950        0     1                 .Lline_table_start17
             96e              96e        0     1                 .Lline_table_start18
             98c              98c        0     1                 .Lline_table_start19
             b58              b58        0     1                 .Lline_table_start20
             c8a              c8a        0     1                 .Lline_table_start21
             f76              f76        0     1                 .Lline_table_start22
            118a             118a        0     1                 .Lline_table_start23
            1330             1330        0     1                 .Lline_table_start24
            152c             152c        0     1                 .Lline_table_start25
            28ff             28ff        0     1                 .Lline_table_start26
            29dd             29dd        0     1                 .Lline_table_start27
            2a1f             2a1f        0     1                 .Lline_table_start28
            2a5e             2a5e        0     1                 .Lline_table_start29
            2a7c             2a7c        0     1                 .Lline_table_start30
            2ae1             2ae1       4d     1         /Users/sphw/.rustup/toolchains/nightly-aarch64-apple-darwin/lib/rustlib/riscv64imac-unknown-none-elf/lib/libcompiler_builtins-a963df6458589a3a.rlib(compiler_builtins-a963df6458589a3a.compiler_builtins.69eec3d7-cgu.108.rcgu.o):(.debug_line)
            2ae1             2ae1        0     1                 .Lline_table_start0
            2b2e             2b2e      ac4     1         /Users/sphw/.rustup/toolchains/nightly-aarch64-apple-darwin/lib/rustlib/riscv64imac-unknown-none-elf/lib/libcompiler_builtins-a963df6458589a3a.rlib(compiler_builtins-a963df6458589a3a.compiler_builtins.69eec3d7-cgu.10.rcgu.o):(.debug_line)
            2b2e             2b2e        0     1                 .Lline_table_start0
            35f2             35f2       4d     1         /Users/sphw/.rustup/toolchains/nightly-aarch64-apple-darwin/lib/rustlib/riscv64imac-unknown-none-elf/lib/libcompiler_builtins-a963df6458589a3a.rlib(compiler_builtins-a963df6458589a3a.compiler_builtins.69eec3d7-cgu.18.rcgu.o):(.debug_line)
            35f2             35f2        0     1                 .Lline_table_start0
               0                0       13     1 .comment
               0                0       13     1         <internal>:(.comment)
               0                0    11010     8 .symtab
               0                0    11010     8         <internal>:(.symtab)
               0                0      1bd     1 .shstrtab
               0                0      1bd     1         <internal>:(.shstrtab)
               0                0     1583     1 .strtab
               0                0     1583     1         <internal>:(.strtab)
